
> s-fit-ai@0.1.0 build
> next build --webpack

▲ Next.js 16.1.4 (webpack)

  Creating an optimized production build ...
✓ Compiled successfully in 22.8s
  Running TypeScript ...
Failed to compile.

./data/mockData.ts:33:3
Type error: Type '{ id: string; name: string; logo: string; isLuxury: boolean; tier: string; }' is not assignable to type 'Brand'.
  Types of property 'tier' are incompatible.
    Type 'string' is not assignable to type '"luxury" | "mass" | "basic"'.

[0m [90m 31 |[39m [90m// Brand Data[39m
 [90m 32 |[39m [36mexport[39m [36mconst[39m brands[33m:[39m [33mBrand[39m[] [33m=[39m [
[31m[1m>[22m[39m[90m 33 |[39m   [33m...[39mluxuryBrands[33m,[39m
 [90m    |[39m   [31m[1m^[22m[39m
 [90m 34 |[39m   {
 [90m 35 |[39m     id[33m:[39m [32m'zara'[39m[33m,[39m
 [90m 36 |[39m     name[33m:[39m [32m'ZARA'[39m[33m,[39m[0m
Next.js build worker exited with code: 1 and signal: null
