
> s-fit-ai@0.1.0 dev
> next dev --webpack

▲ Next.js 16.1.4 (webpack)
- Local:         http://localhost:3000
- Network:       http://192.168.0.2:3000

✓ Starting...
Attention: Next.js now collects completely anonymous telemetry regarding usage.
This information is used to shape Next.js' roadmap and prioritize features.
You can learn more, including how to opt-out if you'd not like to participate in this anonymous program, by visiting the following URL:
https://nextjs.org/telemetry

✓ Ready in 1953ms
○ Compiling / ...
⚠️ [ENV CHECK] Missing or invalid environment variables: NEXT_PUBLIC_SUPABASE_URL, NEXT_PUBLIC_SUPABASE_ANON_KEY, NEXT_PUBLIC_APP_URL, REPLICATE_API_TOKEN
 GET / 200 in 23.6s (compile: 21.7s, render: 1953ms)
 GET / 200 in 44ms (compile: 11ms, render: 34ms)
 GET / 200 in 44ms (compile: 6ms, render: 38ms)
 GET / 200 in 32ms (compile: 4ms, render: 28ms)
 GET / 200 in 293ms (compile: 30ms, render: 263ms)
 GET / 200 in 157ms (compile: 13ms, render: 145ms)
 GET / 200 in 130ms (compile: 11ms, render: 120ms)
 GET / 200 in 141ms (compile: 16ms, render: 125ms)
 GET / 200 in 138ms (compile: 13ms, render: 125ms)
 GET / 200 in 161ms (compile: 17ms, render: 145ms)
 GET / 200 in 154ms (compile: 11ms, render: 142ms)
 GET / 200 in 126ms (compile: 10ms, render: 116ms)
 GET / 200 in 179ms (compile: 18ms, render: 162ms)
 GET / 200 in 148ms (compile: 22ms, render: 125ms)
 GET / 200 in 128ms (compile: 12ms, render: 117ms)
 GET / 200 in 137ms (compile: 17ms, render: 120ms)
 GET / 200 in 137ms (compile: 12ms, render: 125ms)
 GET / 200 in 136ms (compile: 13ms, render: 123ms)
 GET / 200 in 131ms (compile: 10ms, render: 122ms)
 GET / 200 in 140ms (compile: 16ms, render: 124ms)
 GET / 200 in 139ms (compile: 10ms, render: 129ms)
 GET / 200 in 142ms (compile: 15ms, render: 127ms)
 GET / 200 in 137ms (compile: 13ms, render: 124ms)
 GET / 200 in 144ms (compile: 12ms, render: 132ms)
 GET / 200 in 142ms (compile: 17ms, render: 125ms)
 GET / 200 in 142ms (compile: 15ms, render: 127ms)
 GET / 200 in 159ms (compile: 16ms, render: 144ms)
 GET / 200 in 194ms (compile: 23ms, render: 171ms)
 GET / 200 in 326ms (compile: 75ms, render: 251ms)
 GET / 200 in 155ms (compile: 21ms, render: 134ms)
 GET / 200 in 153ms (compile: 22ms, render: 131ms)
 GET / 200 in 138ms (compile: 10ms, render: 128ms)
 GET / 200 in 152ms (compile: 11ms, render: 141ms)
 GET / 200 in 140ms (compile: 8ms, render: 133ms)
 GET / 200 in 138ms (compile: 11ms, render: 127ms)
 GET / 200 in 145ms (compile: 20ms, render: 125ms)
 GET / 200 in 144ms (compile: 13ms, render: 132ms)
 GET / 200 in 157ms (compile: 11ms, render: 145ms)
 GET / 200 in 137ms (compile: 13ms, render: 124ms)
 GET / 200 in 134ms (compile: 19ms, render: 115ms)
 GET / 200 in 144ms (compile: 12ms, render: 132ms)
 GET / 200 in 129ms (compile: 10ms, render: 120ms)
 GET / 200 in 156ms (compile: 17ms, render: 139ms)
 GET / 200 in 148ms (compile: 19ms, render: 130ms)
 GET / 200 in 155ms (compile: 9ms, render: 145ms)
 GET / 200 in 156ms (compile: 16ms, render: 140ms)
 GET / 200 in 134ms (compile: 10ms, render: 124ms)
 GET / 200 in 134ms (compile: 11ms, render: 124ms)
 GET / 200 in 140ms (compile: 17ms, render: 123ms)
 GET / 200 in 129ms (compile: 8ms, render: 121ms)
 GET / 200 in 136ms (compile: 18ms, render: 118ms)
 GET / 200 in 151ms (compile: 19ms, render: 133ms)
 GET / 200 in 312ms (compile: 61ms, render: 251ms)
 GET / 200 in 134ms (compile: 12ms, render: 122ms)
 GET / 200 in 126ms (compile: 12ms, render: 114ms)
 GET / 200 in 122ms (compile: 11ms, render: 111ms)
 GET / 200 in 116ms (compile: 10ms, render: 106ms)
 GET / 200 in 142ms (compile: 14ms, render: 127ms)
 GET / 200 in 124ms (compile: 11ms, render: 113ms)
 GET / 200 in 138ms (compile: 11ms, render: 126ms)
 GET / 200 in 115ms (compile: 8ms, render: 107ms)
 GET / 200 in 123ms (compile: 13ms, render: 110ms)
 GET / 200 in 121ms (compile: 11ms, render: 111ms)
 GET / 200 in 137ms (compile: 12ms, render: 125ms)
 GET / 200 in 132ms (compile: 10ms, render: 123ms)
 GET / 200 in 134ms (compile: 12ms, render: 122ms)
 GET / 200 in 130ms (compile: 12ms, render: 118ms)
 GET / 200 in 115ms (compile: 8ms, render: 107ms)
 GET / 200 in 167ms (compile: 97ms, render: 70ms)
 GET / 200 in 149ms (compile: 9ms, render: 139ms)
 GET / 200 in 126ms (compile: 11ms, render: 115ms)
 GET / 200 in 114ms (compile: 11ms, render: 103ms)
 GET / 200 in 128ms (compile: 11ms, render: 117ms)
 GET / 200 in 113ms (compile: 10ms, render: 102ms)
 GET / 200 in 118ms (compile: 9ms, render: 109ms)
 GET / 200 in 140ms (compile: 27ms, render: 113ms)
 GET / 200 in 304ms (compile: 82ms, render: 222ms)
 GET / 200 in 149ms (compile: 10ms, render: 139ms)
 GET / 200 in 131ms (compile: 11ms, render: 119ms)
 GET / 200 in 119ms (compile: 9ms, render: 110ms)
 GET / 200 in 115ms (compile: 10ms, render: 105ms)
 GET / 200 in 121ms (compile: 12ms, render: 109ms)
 GET / 200 in 117ms (compile: 11ms, render: 106ms)
 GET / 200 in 154ms (compile: 19ms, render: 134ms)
 GET / 200 in 136ms (compile: 11ms, render: 125ms)
 GET / 200 in 125ms (compile: 12ms, render: 113ms)
 GET / 200 in 158ms (compile: 15ms, render: 144ms)
 GET / 200 in 128ms (compile: 10ms, render: 117ms)
 GET / 200 in 118ms (compile: 10ms, render: 108ms)
 GET / 200 in 126ms (compile: 17ms, render: 109ms)
 GET / 200 in 145ms (compile: 12ms, render: 133ms)
 GET / 200 in 138ms (compile: 12ms, render: 126ms)
 GET / 200 in 123ms (compile: 12ms, render: 111ms)
 GET / 200 in 142ms (compile: 10ms, render: 132ms)
 GET / 200 in 118ms (compile: 12ms, render: 106ms)
 GET / 200 in 153ms (compile: 18ms, render: 135ms)
 GET / 200 in 134ms (compile: 12ms, render: 122ms)
 GET / 200 in 127ms (compile: 12ms, render: 115ms)
 GET / 200 in 143ms (compile: 12ms, render: 131ms)
 GET / 200 in 141ms (compile: 11ms, render: 130ms)
 GET / 200 in 385ms (compile: 10ms, render: 375ms)
 GET / 200 in 135ms (compile: 10ms, render: 125ms)
⚠️ [ENV CHECK] Missing or invalid environment variables: NEXT_PUBLIC_SUPABASE_URL, NEXT_PUBLIC_SUPABASE_ANON_KEY, NEXT_PUBLIC_APP_URL, REPLICATE_API_TOKEN
 GET / 200 in 1221ms (compile: 820ms, render: 401ms)
 GET / 200 in 87ms (compile: 14ms, render: 73ms)
 GET / 200 in 100ms (compile: 11ms, render: 88ms)
 GET / 200 in 331ms (compile: 25ms, render: 306ms)
 GET / 200 in 143ms (compile: 14ms, render: 128ms)
 GET / 200 in 152ms (compile: 13ms, render: 139ms)
 GET / 200 in 141ms (compile: 12ms, render: 129ms)
 GET / 200 in 128ms (compile: 8ms, render: 120ms)
 GET / 200 in 162ms (compile: 16ms, render: 146ms)
 GET / 200 in 157ms (compile: 10ms, render: 146ms)
 GET / 200 in 142ms (compile: 20ms, render: 123ms)
⚠️ [ENV CHECK] Missing or invalid environment variables: NEXT_PUBLIC_SUPABASE_URL, NEXT_PUBLIC_SUPABASE_ANON_KEY, NEXT_PUBLIC_APP_URL, REPLICATE_API_TOKEN
LegalModal render: isOpen = false
 GET / 200 in 384ms (compile: 104ms, render: 279ms)
 GET / 200 in 43ms (compile: 6ms, render: 36ms)
 GET / 200 in 38ms (compile: 7ms, render: 30ms)
 GET / 200 in 34ms (compile: 5ms, render: 29ms)
 GET / 200 in 44ms (compile: 10ms, render: 35ms)
 GET / 200 in 37ms (compile: 5ms, render: 32ms)
 GET / 200 in 42ms (compile: 5ms, render: 37ms)
 GET / 200 in 38ms (compile: 5ms, render: 33ms)
 GET / 200 in 29ms (compile: 4ms, render: 25ms)
 GET / 200 in 152ms (compile: 13ms, render: 139ms)
 GET / 200 in 245ms (compile: 37ms, render: 209ms)
 GET / 200 in 201ms (compile: 27ms, render: 173ms)
 GET / 200 in 136ms (compile: 15ms, render: 121ms)
 GET / 200 in 179ms (compile: 19ms, render: 160ms)
 GET / 200 in 237ms (compile: 20ms, render: 217ms)
 GET / 200 in 138ms (compile: 11ms, render: 127ms)
⚠️ [ENV CHECK] Missing or invalid environment variables: NEXT_PUBLIC_SUPABASE_URL, NEXT_PUBLIC_SUPABASE_ANON_KEY, NEXT_PUBLIC_APP_URL, REPLICATE_API_TOKEN
LegalModal render: isOpen = false
 GET / 200 in 445ms (compile: 83ms, render: 362ms)
 GET / 200 in 41ms (compile: 4ms, render: 37ms)
 GET / 200 in 66ms (compile: 10ms, render: 56ms)
 GET / 200 in 79ms (compile: 9ms, render: 70ms)
 GET / 200 in 273ms (compile: 42ms, render: 231ms)
 GET / 200 in 268ms (compile: 29ms, render: 240ms)
 GET / 200 in 233ms (compile: 25ms, render: 208ms)
 GET / 200 in 517ms (compile: 25ms, render: 492ms)
 GET / 200 in 174ms (compile: 17ms, render: 157ms)
 GET / 200 in 211ms (compile: 28ms, render: 184ms)
 GET / 200 in 142ms (compile: 11ms, render: 131ms)
 GET / 200 in 152ms (compile: 17ms, render: 136ms)
⚠️ [ENV CHECK] Missing or invalid environment variables: NEXT_PUBLIC_SUPABASE_URL, NEXT_PUBLIC_SUPABASE_ANON_KEY, NEXT_PUBLIC_APP_URL, REPLICATE_API_TOKEN
 GET / 200 in 982ms (compile: 369ms, render: 613ms)
 GET / 200 in 80ms (compile: 18ms, render: 62ms)
 GET / 200 in 199ms (compile: 6ms, render: 193ms)
 GET / 200 in 202ms (compile: 7ms, render: 195ms)
 GET / 200 in 135ms (compile: 10ms, render: 126ms)
 GET / 200 in 114ms (compile: 10ms, render: 104ms)
 GET / 200 in 126ms (compile: 4ms, render: 122ms)
 GET / 200 in 116ms (compile: 6ms, render: 111ms)
 GET / 200 in 140ms (compile: 6ms, render: 134ms)
 GET / 200 in 141ms (compile: 5ms, render: 136ms)
 GET / 200 in 75ms (compile: 4ms, render: 72ms)
 GET / 200 in 60ms (compile: 5ms, render: 55ms)
 GET / 200 in 90ms (compile: 12ms, render: 77ms)
 GET / 200 in 123ms (compile: 22ms, render: 100ms)
 GET / 200 in 111ms (compile: 6ms, render: 105ms)
 GET / 200 in 114ms (compile: 5ms, render: 109ms)
 GET / 200 in 98ms (compile: 3ms, render: 94ms)
 GET / 200 in 96ms (compile: 17ms, render: 79ms)
 GET / 200 in 151ms (compile: 22ms, render: 130ms)
 GET / 200 in 95ms (compile: 9ms, render: 86ms)
 GET / 200 in 104ms (compile: 3ms, render: 101ms)
 GET / 200 in 95ms (compile: 33ms, render: 62ms)
 GET / 200 in 67ms (compile: 4ms, render: 63ms)
 GET / 200 in 47ms (compile: 4ms, render: 43ms)
 GET / 200 in 82ms (compile: 11ms, render: 71ms)
 GET / 200 in 99ms (compile: 4ms, render: 95ms)
 GET / 200 in 91ms (compile: 5ms, render: 87ms)
 GET / 200 in 112ms (compile: 9ms, render: 103ms)
 GET / 200 in 117ms (compile: 10ms, render: 107ms)
 GET / 200 in 101ms (compile: 5ms, render: 96ms)
 GET / 200 in 101ms (compile: 4ms, render: 97ms)
 GET / 200 in 98ms (compile: 6ms, render: 92ms)
 GET / 200 in 375ms (compile: 40ms, render: 335ms)
 GET / 200 in 57ms (compile: 5ms, render: 52ms)
 GET / 200 in 271ms (compile: 32ms, render: 239ms)
